[1.781s] DEBUG:colcon:Command line arguments: ['/usr/bin/colcon', 'build', '--packages-select', 'mi_roarm_moveit_py']
[1.782s] DEBUG:colcon:Parsed command line arguments: Namespace(log_base=None, log_level=None, verb_name='build', build_base='build', install_base='install', merge_install=False, symlink_install=False, test_result_base=None, continue_on_error=False, executor='parallel', parallel_workers=1, event_handlers=None, ignore_user_meta=False, metas=['./colcon.meta'], base_paths=['.'], packages_ignore=None, packages_ignore_regex=None, paths=None, packages_up_to=None, packages_up_to_regex=None, packages_above=None, packages_above_and_dependencies=None, packages_above_depth=None, packages_select_by_dep=None, packages_skip_by_dep=None, packages_skip_up_to=None, packages_select_build_failed=False, packages_skip_build_finished=False, packages_select_test_failures=False, packages_skip_test_passed=False, packages_select=['mi_roarm_moveit_py'], packages_skip=None, packages_select_regex=None, packages_skip_regex=None, packages_start=None, packages_end=None, cmake_args=None, cmake_target=None, cmake_target_skip_unavailable=False, cmake_clean_cache=False, cmake_clean_first=False, cmake_force_configure=False, ament_cmake_args=None, catkin_cmake_args=None, catkin_skip_building_tests=False, mixin_files=None, mixin=None, verb_parser=<colcon_mixin.mixin.mixin_argument.MixinArgumentDecorator object at 0x742d5be9d1e0>, verb_extension=<colcon_core.verb.build.BuildVerb object at 0x742d5bf922c0>, main=<bound method BuildVerb.main of <colcon_core.verb.build.BuildVerb object at 0x742d5bf922c0>>, mixin_verb=('build',))
[4.228s] Level 1:colcon.colcon_core.package_discovery:discover_packages(colcon_meta) check parameters
[4.229s] INFO:colcon.colcon_metadata.package_discovery.colcon_meta:Using configuration from '/root/.colcon/metadata/default/Gazebo.meta'
[4.259s] INFO:colcon.colcon_metadata.package_discovery.colcon_meta:Using configuration from '/root/.colcon/metadata/default/fastrtps.meta'
[4.259s] Level 1:colcon.colcon_core.package_discovery:discover_packages(recursive) check parameters
[4.259s] Level 1:colcon.colcon_core.package_discovery:discover_packages(ignore) check parameters
[4.259s] Level 1:colcon.colcon_core.package_discovery:discover_packages(path) check parameters
[4.259s] Level 1:colcon.colcon_core.package_discovery:discover_packages(colcon_meta) discover
[4.260s] Level 1:colcon.colcon_core.package_discovery:discover_packages(recursive) discover
[4.260s] INFO:colcon.colcon_core.package_discovery:Crawling recursively for packages in '/home/ws/roarm_ws/mi_roarm_moveit_py/mi_roarm_moveit_py'
[4.260s] Level 1:colcon.colcon_core.package_identification:_identify(.) by extensions ['ignore', 'ignore_ament_install']
[4.260s] Level 1:colcon.colcon_core.package_identification:_identify(.) by extension 'ignore'
[4.260s] Level 1:colcon.colcon_core.package_identification:_identify(.) by extension 'ignore_ament_install'
[4.260s] Level 1:colcon.colcon_core.package_identification:_identify(.) by extensions ['colcon_pkg']
[4.260s] Level 1:colcon.colcon_core.package_identification:_identify(.) by extension 'colcon_pkg'
[4.260s] Level 1:colcon.colcon_core.package_identification:_identify(.) by extensions ['colcon_meta']
[4.260s] Level 1:colcon.colcon_core.package_identification:_identify(.) by extension 'colcon_meta'
[4.260s] Level 1:colcon.colcon_core.package_identification:_identify(.) by extensions ['ros']
[4.260s] Level 1:colcon.colcon_core.package_identification:_identify(.) by extension 'ros'
[4.523s] Level 1:colcon.colcon_core.package_identification:_identify(.) by extensions ['cmake', 'python']
[4.523s] Level 1:colcon.colcon_core.package_identification:_identify(.) by extension 'cmake'
[4.523s] Level 1:colcon.colcon_core.package_identification:_identify(.) by extension 'python'
[4.523s] Level 1:colcon.colcon_core.package_identification:_identify(.) by extensions ['python_setup_py']
[4.523s] Level 1:colcon.colcon_core.package_identification:_identify(.) by extension 'python_setup_py'
[4.523s] Level 1:colcon.colcon_core.package_identification:_identify(build) by extensions ['ignore', 'ignore_ament_install']
[4.524s] Level 1:colcon.colcon_core.package_identification:_identify(build) by extension 'ignore'
[4.524s] Level 1:colcon.colcon_core.package_identification:_identify(build) ignored
[4.524s] Level 1:colcon.colcon_core.package_identification:_identify(install) by extensions ['ignore', 'ignore_ament_install']
[4.524s] Level 1:colcon.colcon_core.package_identification:_identify(install) by extension 'ignore'
[4.524s] Level 1:colcon.colcon_core.package_identification:_identify(install) ignored
[4.524s] Level 1:colcon.colcon_core.package_identification:_identify(log) by extensions ['ignore', 'ignore_ament_install']
[4.525s] Level 1:colcon.colcon_core.package_identification:_identify(log) by extension 'ignore'
[4.525s] Level 1:colcon.colcon_core.package_identification:_identify(log) ignored
[4.525s] Level 1:colcon.colcon_core.package_discovery:discover_packages(recursive) using defaults
[4.525s] Level 1:colcon.colcon_core.package_discovery:discover_packages(ignore) discover
[4.525s] Level 1:colcon.colcon_core.package_discovery:discover_packages(ignore) using defaults
[4.525s] Level 1:colcon.colcon_core.package_discovery:discover_packages(path) discover
[4.525s] Level 1:colcon.colcon_core.package_discovery:discover_packages(path) using defaults
